I'm sorry, but errors were detected in your script. Please correct the
errors listed below, and try again.


File "game/script.rpy", line 180: is not terminated with a newline. (Check strings and parenthesis.)
(Perhaps you left out a " at the end of the first line.)
        t "Youse t

Ren'Py Version: Ren'Py 7.3.2.320
Mon Aug 12 20:55:13 2019
